Loading weights:   0%|          | 0/355 [00:00<?, ?it/s]Loading weights: 100%|██████████| 355/355 [00:00<00:00, 18700.58it/s]

=== base / think  (max_new=2048) ===
    16/100
    32/100
    48/100
    64/100
    80/100
    96/100
    100/100
  done in 466s

=== base / empty  (max_new=1024) ===
    16/100
    32/100
    48/100
    64/100
    80/100
    96/100
    100/100
  done in 173s

=== base / urial  (max_new=1024) ===
    16/100
    32/100
    48/100
    64/100
    80/100
    96/100
    100/100
  done in 191s

=== base: general100, 1 gen/prompt ===
  metric                       think       empty       urial
  n                          100.000     100.000     100.000
  closed                       0.360       1.000       0.920
  hit_cap                      0.350       0.520       0.030
  new_tokens                1276.730     769.930     403.930
  words_cl                   437.444     585.100     315.641
  bold                         5.190       7.070       0.290
  bold_cl                     14.417       7.070       0.315
  bold_any_cl                  0.778       0.600       0.033
  structure                    4.320       5.220       0.780
  structure_cl                12.000       5.220       0.826
  structure_any_cl             0.750       0.510       0.087
  repetition                   0.014       0.030       0.011
  repetition_cl                0.038       0.030       0.011
  repetition_any_cl            0.528       0.790       0.587

  bold/structure are COUNTS per answer (lls_owl convention); *_any_cl = fraction of closed answers with >=1 hit; *_cl = closed answers only.
